>/* clang-format off */
#^^^^^^^^^^^^^^^^^^^^^^^ inline-template.ng
>
>@Component({
#^^^^^^^^^^^^^ inline-template.ng
>//// Property key/value test
#^^^^^^^^^^^^^^^^^^^^^^^^^^^^^ inline-template.ng
>  template: '<div></div>',
#^^ inline-template.ng
#  ^^^^^^^^ inline-template.ng meta.object-literal.key.ts
#          ^ inline-template.ng meta.object-literal.key.ts punctuation.separator.key-value.ts
#           ^ inline-template.ng
#            ^ inline-template.ng string
#             ^^^^^^^^^^^ inline-template.ng
#                        ^ inline-template.ng string
#                         ^^ inline-template.ng
>
>//// String delimiter tests
#^^^^^^^^^^^^^^^^^^^^^^^^^^^^ inline-template.ng
>  template: `<div></div>`,
#^^ inline-template.ng
#  ^^^^^^^^ inline-template.ng meta.object-literal.key.ts
#          ^ inline-template.ng meta.object-literal.key.ts punctuation.separator.key-value.ts
#           ^ inline-template.ng
#            ^ inline-template.ng string
#             ^^^^^^^^^^^ inline-template.ng
#                        ^ inline-template.ng string
#                         ^^ inline-template.ng
>  template: "<div></div>",
#^^ inline-template.ng
#  ^^^^^^^^ inline-template.ng meta.object-literal.key.ts
#          ^ inline-template.ng meta.object-literal.key.ts punctuation.separator.key-value.ts
#           ^ inline-template.ng
#            ^ inline-template.ng string
#             ^^^^^^^^^^^ inline-template.ng
#                        ^ inline-template.ng string
#                         ^^ inline-template.ng
>  template: '<div></div>',
#^^ inline-template.ng
#  ^^^^^^^^ inline-template.ng meta.object-literal.key.ts
#          ^ inline-template.ng meta.object-literal.key.ts punctuation.separator.key-value.ts
#           ^ inline-template.ng
#            ^ inline-template.ng string
#             ^^^^^^^^^^^ inline-template.ng
#                        ^ inline-template.ng string
#                         ^^ inline-template.ng
>
>//// Parenthesization tests
#^^^^^^^^^^^^^^^^^^^^^^^^^^^^ inline-template.ng
>  template: ( (( '<div></div>' )) ),
#^^ inline-template.ng
#  ^^^^^^^^ inline-template.ng meta.object-literal.key.ts
#          ^ inline-template.ng meta.object-literal.key.ts punctuation.separator.key-value.ts
#           ^ inline-template.ng
#            ^ inline-template.ng meta.brace.round.ts
#             ^ inline-template.ng
#              ^ inline-template.ng meta.brace.round.ts
#               ^ inline-template.ng meta.brace.round.ts
#                ^ inline-template.ng
#                 ^ inline-template.ng string
#                  ^^^^^^^^^^^ inline-template.ng
#                             ^ inline-template.ng string
#                              ^ inline-template.ng
#                               ^ inline-template.ng meta.brace.round.ts
#                                ^ inline-template.ng meta.brace.round.ts
#                                 ^ inline-template.ng
#                                  ^ inline-template.ng meta.brace.round.ts
#                                   ^^ inline-template.ng
>
>//// Comments tests
#^^^^^^^^^^^^^^^^^^^^ inline-template.ng
>  // template: '<div></div>'
#^^^^^ inline-template.ng
#     ^^^^^^^^ inline-template.ng meta.object-literal.key.ts
#             ^ inline-template.ng meta.object-literal.key.ts punctuation.separator.key-value.ts
#              ^ inline-template.ng
#               ^ inline-template.ng string
#                ^^^^^^^^^^^ inline-template.ng
#                           ^ inline-template.ng string
>  /*
#^^^^^ inline-template.ng
>   * template: '<div></div>'
#^^^^^^^^^^^^^^^^^^^^^^^^^^^^^ inline-template.ng
>   */
#^^^^^^ inline-template.ng
>  /**
#^^^^^^ inline-template.ng
>   * template: '<div></div>'
#^^^^^^^^^^^^^^^^^^^^^^^^^^^^^ inline-template.ng
>   */
#^^^^^^ inline-template.ng
>})
#^^^ inline-template.ng
>export class TMComponent{}
#^^^^^^^^^^^^^^^^^^^^^^^^^^^ inline-template.ng
>